
> ra-construction@0.0.0 build
> vite build

[36mvite v7.3.1 [32mbuilding client environment for production...[36m[39m
transforming...
[32mΓ£ô[39m 1735 modules transformed.
rendering chunks...
computing gzip size...
[2mdist/[22m[32mindex.html                                        [39m[1m[2m    0.57 kB[22m[1m[22m[2m Γöé gzip:  0.37 kB[22m
[2mdist/[22m[32massets/ra-icon-32x32-C_RbGI4d.png                 [39m[1m[2m    1.91 kB[22m[1m[22m
[2mdist/[22m[32massets/FlowShelling-8T4bz05Y.jpeg                 [39m[1m[2m   25.67 kB[22m[1m[22m
[2mdist/[22m[32massets/Smart Home Integration-DL8zIg5G.avif       [39m[1m[2m   26.25 kB[22m[1m[22m
[2mdist/[22m[32massets/Maximizing Small Spaces-BVS7diHx.avif      [39m[1m[2m   29.39 kB[22m[1m[22m
[2mdist/[22m[32massets/2026 Interior Design Trends-BEY5XMDd.avif  [39m[1m[2m   36.69 kB[22m[1m[22m
[2mdist/[22m[32massets/project13-C8YNDetk.jpeg                    [39m[1m[2m   57.01 kB[22m[1m[22m
[2mdist/[22m[32massets/cabard-Cewlb6d5.jpeg                       [39m[1m[2m   59.87 kB[22m[1m[22m
[2mdist/[22m[32massets/project8-DILrtamn.jpeg                     [39m[1m[2m   70.37 kB[22m[1m[22m
[2mdist/[22m[32massets/project11-BRLM06kV.jpeg                    [39m[1m[2m   83.25 kB[22m[1m[22m
[2mdist/[22m[32massets/project10-Ch_WyKQq.jpeg                    [39m[1m[2m   84.98 kB[22m[1m[22m
[2mdist/[22m[32massets/Sustainable Construction-CR8UivKt.avif     [39m[1m[2m   99.87 kB[22m[1m[22m
[2mdist/[22m[32massets/project9-DcLnWz5q.jpeg                     [39m[1m[2m  103.85 kB[22m[1m[22m
[2mdist/[22m[32massets/project15-D-tn084g.jpeg                    [39m[1m[2m  109.87 kB[22m[1m[22m
[2mdist/[22m[32massets/project6-D68AbAI_.jpeg                     [39m[1m[2m  111.29 kB[22m[1m[22m
[2mdist/[22m[32massets/project16-WBtrSqQH.jpeg                    [39m[1m[2m  112.64 kB[22m[1m[22m
[2mdist/[22m[32massets/project5-DU64SBaQ.jpeg                     [39m[1m[2m  138.20 kB[22m[1m[22m
[2mdist/[22m[32massets/project14-CQ3-GQeh.jpeg                    [39m[1m[2m  145.66 kB[22m[1m[22m
[2mdist/[22m[32massets/mirror-DuSx-Uvg.jpeg                       [39m[1m[2m  145.97 kB[22m[1m[22m
[2mdist/[22m[32massets/project7-C5GCq0PQ.jpeg                     [39m[1m[2m  146.35 kB[22m[1m[22m
[2mdist/[22m[32massets/room-D6OA5zo1.jpeg                         [39m[1m[2m  192.09 kB[22m[1m[22m
[2mdist/[22m[32massets/profile-pic-Bu0-rtAO.jpg                   [39m[1m[2m  369.49 kB[22m[1m[22m
[2mdist/[22m[32massets/project17-kmedtHZu.jpeg                    [39m[1m[2m  513.67 kB[22m[1m[22m
[2mdist/[22m[32massets/project18-Ch0E7Zr7.jpeg                    [39m[1m[2m  520.71 kB[22m[1m[22m
[2mdist/[22m[32massets/project19-DSnHFY2-.jpeg                    [39m[1m[2m  737.32 kB[22m[1m[22m
[2mdist/[22m[32massets/project20-CTwkkFXM.jpeg                    [39m[1m[2m  803.92 kB[22m[1m[22m
[2mdist/[22m[32massets/review-D06_knDs.mp4                        [39m[1m[2m2,356.74 kB[22m[1m[22m
[2mdist/[22m[35massets/index-D46sP0S0.css                         [39m[1m[2m    3.05 kB[22m[1m[22m[2m Γöé gzip:  1.20 kB[22m
[2mdist/[22m[36massets/index-B2ov5XbI.js                          [39m[1m[2m  235.23 kB[22m[1m[22m[2m Γöé gzip: 71.76 kB[22m
[32mΓ£ô built in 7.04s[39m
